arrow → here
dash: ───